// Jest Snapshot v1, https://goo.gl/fbAQLP

exports[`ComboboxInput Component matches snapshot 1`] = `
<View
  accessibilityState={
    {
      "busy": undefined,
      "checked": undefined,
      "disabled": undefined,
      "expanded": undefined,
      "selected": undefined,
    }
  }
  accessibilityValue={
    {
      "max": undefined,
      "min": undefined,
      "now": undefined,
      "text": undefined,
    }
  }
  accessible={true}
  collapsable={false}
  focusable={true}
  onClick={[Function]}
  onResponderGrant={[Function]}
  onResponderMove={[Function]}
  onResponderRelease={[Function]}
  onResponderTerminate={[Function]}
  onResponderTerminationRequest={[Function]}
  onStartShouldSetResponder={[Function]}
  style={
    {
      "opacity": 1,
    }
  }
>
  <View
    style={
      {
        "borderColor": "#e5e7eb",
        "borderRadius": 8,
        "borderWidth": 1,
        "padding": 12,
      }
    }
  >
    <TextInput
      editable={true}
      onChangeText={[MockFunction]}
      onFocus={
        [MockFunction] {
          "calls": [
            [],
          ],
          "results": [
            {
              "type": "return",
              "value": undefined,
            },
          ],
        }
      }
      placeholder="Search..."
      style={
        {
          "fontSize": 16,
        }
      }
      value=""
    />
  </View>
</View>
`;
