// Jest Snapshot v1, https://goo.gl/fbAQLP

exports[`Spinner Component renders correctly with default props 1`] = `
<View
  collapsable={false}
  style={
    {
      "borderColor": "#000",
      "borderRadius": 20,
      "borderTopColor": "transparent",
      "borderWidth": 4,
      "height": 40,
      "transform": [
        {
          "rotate": "0deg",
        },
      ],
      "width": 40,
    }
  }
/>
`;
